[0.039s] Invoking command in '/home/maddy/iris_test_tool/build/ydlidar_ros2_driver': CMAKE_PREFIX_PATH=${CMAKE_PREFIX_PATH}:/opt/ros/humble /usr/bin/cmake /home/maddy/iris_test_tool/ydlidar_ros2_driver -DCMAKE_INSTALL_PREFIX=/home/maddy/iris_test_tool/install/ydlidar_ros2_driver
[0.061s] -- Found ament_cmake: 1.3.12 (/opt/ros/humble/share/ament_cmake/cmake)
[0.367s] -- Found rclcpp: 16.0.17 (/opt/ros/humble/share/rclcpp/cmake)
[0.692s] -- Found rosidl_generator_c: 3.1.8 (/opt/ros/humble/share/rosidl_generator_c/cmake)
[0.700s] -- Found rosidl_adapter: 3.1.8 (/opt/ros/humble/share/rosidl_adapter/cmake)
[0.718s] -- Found rosidl_generator_cpp: 3.1.8 (/opt/ros/humble/share/rosidl_generator_cpp/cmake)
[0.747s] -- Using all available rosidl_typesupport_c: rosidl_typesupport_fastrtps_c;rosidl_typesupport_introspection_c
[0.779s] -- Using all available rosidl_typesupport_cpp: rosidl_typesupport_fastrtps_cpp;rosidl_typesupport_introspection_cpp
[0.863s] -- Found rmw_implementation_cmake: 6.1.2 (/opt/ros/humble/share/rmw_implementation_cmake/cmake)
[0.867s] -- Found rmw_fastrtps_cpp: 6.2.9 (/opt/ros/humble/share/rmw_fastrtps_cpp/cmake)
[21.322s] -- Using RMW implementation 'rmw_fastrtps_cpp' as default
[21.433s] -- Found sensor_msgs: 4.9.0 (/opt/ros/humble/share/sensor_msgs/cmake)
[21.498s] -- Found visualization_msgs: 4.9.0 (/opt/ros/humble/share/visualization_msgs/cmake)
[21.543s] -- Found std_srvs: 4.9.0 (/opt/ros/humble/share/std_srvs/cmake)
[24.426s] [31mCMake Error at CMakeLists.txt:25 (find_package):
[24.427s]   By not providing "Findydlidar_sdk.cmake" in CMAKE_MODULE_PATH this project
[24.427s]   has asked CMake to find a package configuration file provided by
[24.427s]   "ydlidar_sdk", but CMake did not find one.
[24.427s] 
[24.427s]   Could not find a package configuration file provided by "ydlidar_sdk" with
[24.427s]   any of the following names:
[24.427s] 
[24.427s]     ydlidar_sdkConfig.cmake
[24.427s]     ydlidar_sdk-config.cmake
[24.428s] 
[24.428s]   Add the installation prefix of "ydlidar_sdk" to CMAKE_PREFIX_PATH or set
[24.428s]   "ydlidar_sdk_DIR" to a directory containing one of the above files.  If
[24.428s]   "ydlidar_sdk" provides a separate development package or SDK, be sure it
[24.428s]   has been installed.
[24.428s] 
[24.428s] [0m
[24.428s] -- Configuring incomplete, errors occurred!
[24.429s] See also "/home/maddy/iris_test_tool/build/ydlidar_ros2_driver/CMakeFiles/CMakeOutput.log".
[24.446s] Invoked command in '/home/maddy/iris_test_tool/build/ydlidar_ros2_driver' returned '1': CMAKE_PREFIX_PATH=${CMAKE_PREFIX_PATH}:/opt/ros/humble /usr/bin/cmake /home/maddy/iris_test_tool/ydlidar_ros2_driver -DCMAKE_INSTALL_PREFIX=/home/maddy/iris_test_tool/install/ydlidar_ros2_driver
