[0.027s] Invoking command in '/home/maddy/iris_test_tool/build/ydlidar_ros2_driver': CMAKE_PREFIX_PATH=${CMAKE_PREFIX_PATH}:/opt/ros/humble /usr/bin/cmake /home/maddy/iris_test_tool/ydlidar_ros2_driver -DCMAKE_INSTALL_PREFIX=/home/maddy/iris_test_tool/install/ydlidar_ros2_driver
[0.049s] -- Found ament_cmake: 1.3.12 (/opt/ros/humble/share/ament_cmake/cmake)
[0.257s] -- Found rclcpp: 16.0.17 (/opt/ros/humble/share/rclcpp/cmake)
[0.492s] -- Found rosidl_generator_c: 3.1.8 (/opt/ros/humble/share/rosidl_generator_c/cmake)
[0.498s] -- Found rosidl_adapter: 3.1.8 (/opt/ros/humble/share/rosidl_adapter/cmake)
[0.511s] -- Found rosidl_generator_cpp: 3.1.8 (/opt/ros/humble/share/rosidl_generator_cpp/cmake)
[0.528s] -- Using all available rosidl_typesupport_c: rosidl_typesupport_fastrtps_c;rosidl_typesupport_introspection_c
[0.556s] -- Using all available rosidl_typesupport_cpp: rosidl_typesupport_fastrtps_cpp;rosidl_typesupport_introspection_cpp
[0.623s] -- Found rmw_implementation_cmake: 6.1.2 (/opt/ros/humble/share/rmw_implementation_cmake/cmake)
[0.626s] -- Found rmw_fastrtps_cpp: 6.2.9 (/opt/ros/humble/share/rmw_fastrtps_cpp/cmake)
[4.119s] -- Using RMW implementation 'rmw_fastrtps_cpp' as default
[4.190s] -- Found sensor_msgs: 4.9.0 (/opt/ros/humble/share/sensor_msgs/cmake)
[4.231s] -- Found visualization_msgs: 4.9.0 (/opt/ros/humble/share/visualization_msgs/cmake)
[4.260s] -- Found std_srvs: 4.9.0 (/opt/ros/humble/share/std_srvs/cmake)
[6.348s] [31mCMake Error at CMakeLists.txt:25 (find_package):
[6.349s]   By not providing "Findydlidar_sdk.cmake" in CMAKE_MODULE_PATH this project
[6.349s]   has asked CMake to find a package configuration file provided by
[6.349s]   "ydlidar_sdk", but CMake did not find one.
[6.349s] 
[6.349s]   Could not find a package configuration file provided by "ydlidar_sdk" with
[6.349s]   any of the following names:
[6.350s] 
[6.350s]     ydlidar_sdkConfig.cmake
[6.350s]     ydlidar_sdk-config.cmake
[6.350s] 
[6.350s]   Add the installation prefix of "ydlidar_sdk" to CMAKE_PREFIX_PATH or set
[6.350s]   "ydlidar_sdk_DIR" to a directory containing one of the above files.  If
[6.350s]   "ydlidar_sdk" provides a separate development package or SDK, be sure it
[6.351s]   has been installed.
[6.351s] 
[6.351s] [0m
[6.351s] -- Configuring incomplete, errors occurred!
[6.351s] See also "/home/maddy/iris_test_tool/build/ydlidar_ros2_driver/CMakeFiles/CMakeOutput.log".
[6.361s] Invoked command in '/home/maddy/iris_test_tool/build/ydlidar_ros2_driver' returned '1': CMAKE_PREFIX_PATH=${CMAKE_PREFIX_PATH}:/opt/ros/humble /usr/bin/cmake /home/maddy/iris_test_tool/ydlidar_ros2_driver -DCMAKE_INSTALL_PREFIX=/home/maddy/iris_test_tool/install/ydlidar_ros2_driver
