gmake[2]: Warning: File 'CMakeFiles/iris_interfaces__rosidl_generator_c.dir/progress.make' has modification time 11 s in the future
gmake[2]: Warning: File 'CMakeFiles/iris_interfaces__rosidl_typesupport_cpp.dir/progress.make' has modification time 11 s in the future
gmake[2]: Warning: File 'CMakeFiles/iris_interfaces__rosidl_typesupport_fastrtps_cpp.dir/progress.make' has modification time 11 s in the future
gmake[2]: Warning: File 'CMakeFiles/iris_interfaces__rosidl_typesupport_introspection_cpp.dir/progress.make' has modification time 11 s in the future
gmake[2]: warning:  Clock skew detected.  Your build may be incomplete.
gmake[2]: Warning: File 'CMakeFiles/iris_interfaces__rosidl_typesupport_fastrtps_c.dir/progress.make' has modification time 8.7 s in the future
gmake[2]: Warning: File 'CMakeFiles/iris_interfaces__rosidl_typesupport_introspection_c.dir/progress.make' has modification time 8.7 s in the future
gmake[2]: Warning: File 'CMakeFiles/iris_interfaces__rosidl_typesupport_c.dir/progress.make' has modification time 8.7 s in the future
gmake[2]: warning:  Clock skew detected.  Your build may be incomplete.
gmake[2]: Warning: File 'CMakeFiles/iris_interfaces__rosidl_typesupport_cpp.dir/progress.make' has modification time 5.8 s in the future
gmake[2]: warning:  Clock skew detected.  Your build may be incomplete.
gmake[2]: Warning: File 'CMakeFiles/iris_interfaces__rosidl_typesupport_introspection_cpp.dir/progress.make' has modification time 3.5 s in the future
gmake[2]: warning:  Clock skew detected.  Your build may be incomplete.
gmake[2]: Warning: File 'CMakeFiles/iris_interfaces__rosidl_typesupport_c.dir/progress.make' has modification time 3.2 s in the future
gmake[2]: warning:  Clock skew detected.  Your build may be incomplete.
gmake[2]: warning:  Clock skew detected.  Your build may be incomplete.
gmake[2]: warning:  Clock skew detected.  Your build may be incomplete.
gmake[2]: warning:  Clock skew detected.  Your build may be incomplete.
gmake[2]: warning:  Clock skew detected.  Your build may be incomplete.
gmake[2]: warning:  Clock skew detected.  Your build may be incomplete.
