[0.024s] Invoking command in '/home/maddy/iris_test_tool/build/iris_interfaces': CMAKE_PREFIX_PATH=${CMAKE_PREFIX_PATH}:/opt/ros/humble /usr/bin/cmake --build /home/maddy/iris_test_tool/build/iris_interfaces -- -j8 -l8
[0.121s] [  0%] Built target iris_interfaces__cpp
[0.137s] [ 12%] Built target iris_interfaces__rosidl_generator_c
[0.158s] [ 12%] Built target ament_cmake_python_copy_iris_interfaces
[0.215s] [ 36%] Built target iris_interfaces__rosidl_typesupport_cpp
[0.217s] [ 37%] Built target iris_interfaces__rosidl_typesupport_introspection_cpp
[0.222s] gmake[1]: *** [CMakeFiles/Makefile2:239: CMakeFiles/iris_interfaces__rosidl_typesupport_fastrtps_c.dir/all] Interrupt
[0.223s] gmake[1]: *** [CMakeFiles/Makefile2:344: CMakeFiles/iris_interfaces__rosidl_typesupport_fastrtps_cpp.dir/all] Interrupt
[0.223s] gmake[1]: *** [CMakeFiles/Makefile2:266: CMakeFiles/iris_interfaces__rosidl_typesupport_introspection_c.dir/all] Interrupt
[0.223s] Fatal Python error: init_import_site: Failed to import the site module
[0.223s] Python runtime state: initialized
[0.223s] Traceback (most recent call last):
[0.223s]   File "/usr/lib/python3.10/site.py", line 636, in <module>
[0.225s]     main()
[0.227s]   File "/usr/lib/python3.10/site.py", line 623, in main
[0.227s]     known_paths = addsitepackages(known_paths)
[0.227s]   File "/usr/lib/python3.10/site.py", line 406, in addsitepackages
[0.227s]     addsitedir(sitedir, known_paths)
[0.227s]   File "/usr/lib/python3.10/site.py", line 232, in addsitedir
[0.228s]     addpackage(sitedir, name, known_paths)
[0.228s]   File "/usr/lib/python3.10/site.py", line 192, in addpackage
[0.228s]     exec(line)
[0.228s]   File "<string>", line 1, in <module>
[0.228s]   File "/usr/lib/python3.10/importlib/util.py", line 14, in <module>
[0.229s]     from contextlib import contextmanager
[0.229s]   File "/usr/lib/python3.10/contextlib.py", line 5, in <module>
[0.229s]     from collections import deque
[0.230s]   File "/usr/lib/python3.10/collections/__init__.py", line 1311, in <module>
[0.230s]     class UserString(_collections_abc.Sequence):
[0.230s]   File "/usr/lib/python3.10/abc.py", line 105, in __new__
[0.230s]     def __new__(mcls, name, bases, namespace, **kwargs):
[0.231s] KeyboardInterrupt
[0.231s] gmake[2]: *** [CMakeFiles/ament_cmake_python_build_iris_interfaces_egg.dir/build.make:70: CMakeFiles/ament_cmake_python_build_iris_interfaces_egg] Interrupt
[0.231s] gmake[1]: *** [CMakeFiles/Makefile2:447: CMakeFiles/ament_cmake_python_build_iris_interfaces_egg.dir/all] Interrupt
[0.231s] gmake: *** [Makefile:146: all] Interrupt
